exports[`ProjectList renders correctly with no projects 1`] = `
<p>
  No projects found
</p>
`;
